'Finished building: ../src/main.cc'
' '
'Building target: led_appl.elf'
'Invoking: MicroBlaze g++ linker'
mb-g++ -Wl,-T -Wl,../src/lscript.ld -L../../led_appl_bsp/microblaze_0/lib -mlittle-endian -mcpu=v11.0 -mxl-soft-mul -Wl,--no-relax -Wl,--gc-sections -o "led_appl.elf"  ./src/DisplayDriver.o ./src/DynamicLed.o ./src/GUI.o ./src/LedMatrixDriver.o ./src/MainFsm.o ./src/StaticLed.o ./src/Tetris.o ./src/main.o   -Wl,--start-group,-lxil,-lgcc,-lc,-lstdc++,--end-group
c:/xilinx/sdk/2019.1/gnu/microblaze/nt/bin/../lib/gcc/microblaze-xilinx-elf/8.2.0/../../../../microblaze-xilinx-elf/bin/ld.exe: ./src/main.o:C:\Users\Keller\Desktop\Harald\201022_Projekt_400_leds\led_appl\led_appl.sdk\led_appl\Debug/../src/main.cc:18: multiple definition of `GpioOutput0'; ./src/LedMatrixDriver.o:C:\Users\Keller\Desktop\Harald\201022_Projekt_400_leds\led_appl\led_appl.sdk\led_appl\Debug/../src/LedMatrixDriver.cc:18: first defined here
c:/xilinx/sdk/2019.1/gnu/microblaze/nt/bin/../lib/gcc/microblaze-xilinx-elf/8.2.0/../../../../microblaze-xilinx-elf/bin/ld.exe: ./src/main.o:C:\Users\Keller\Desktop\Harald\201022_Projekt_400_leds\led_appl\led_appl.sdk\led_appl\Debug/../src/main.cc:19: multiple definition of `GpioOutput1'; ./src/LedMatrixDriver.o:C:\Users\Keller\Desktop\Harald\201022_Projekt_400_leds\led_appl\led_appl.sdk\led_appl\Debug/../src/LedMatrixDriver.cc:19: first defined here
collect2.exe: error: ld returned 1 exit status
make: *** [makefile:50: led_appl.elf] Error 1

13:27:06 Build Finished (took 2s.940ms)

13:27:07 **** Incremental Build of configuration Debug for project led_appl ****
make all 
'Invoking: MicroBlaze Print Size'
mb-size led_appl.elf  |tee "led_appl.elf.size"
mb-size: led_appl.elf: file format not recognized
'Finished building: led_appl.elf.size'
' '
13:27:08 **** Incremental Build of configuration Debug for project led_appl ****
make all 
make: Nothing to be done for 'all'.
13:27:25 **** Auto Build of configuration Debug for project led_appl ****
make all 
'Building file: ../src/LedMatrixDriver.cc'
'Invoking: MicroBlaze g++ compiler'
mb-g++ -Wall -O0 -g3 -c -fmessage-length=0 -MT"src/LedMatrixDriver.o" -I../../led_appl_bsp/microblaze_0/include -mlittle-endian -mcpu=v11.0 -mxl-soft-mul -Wl,--no-relax -ffunction-sections -fdata-sections -MMD -MP -MF"src/LedMatrixDriver.d" -MT"src/LedMatrixDriver.o" -o "src/LedMatrixDriver.o" "../src/LedMatrixDriver.cc"
'Finished building: ../src/LedMatrixDriver.cc'
' '
'Building target: led_appl.elf'
'Invoking: MicroBlaze g++ linker'
mb-g++ -Wl,-T -Wl,../src/lscript.ld -L../../led_appl_bsp/microblaze_0/lib -mlittle-endian -mcpu=v11.0 -mxl-soft-mul -Wl,--no-relax -Wl,--gc-sections -o "led_appl.elf"  ./src/DisplayDriver.o ./src/DynamicLed.o ./src/GUI.o ./src/LedMatrixDriver.o ./src/MainFsm.o ./src/StaticLed.o ./src/Tetris.o ./src/main.o   -Wl,--start-group,-lxil,-lgcc,-lc,-lstdc++,--end-group
c:/xilinx/sdk/2019.1/gnu/microblaze/nt/bin/../lib/gcc/microblaze-xilinx-elf/8.2.0/../../../../microblaze-xilinx-elf/bin/ld.exe: ./src/main.o:C:\Users\Keller\Desktop\Harald\201022_Projekt_400_leds\led_appl\led_appl.sdk\led_appl\Debug/../src/main.cc:18: multiple definition of `GpioOutput0'; ./src/LedMatrixDriver.o:C:\Users\Keller\Desktop\Harald\201022_Projekt_400_leds\led_appl\led_appl.sdk\led_appl\Debug/../src/LedMatrixDriver.cc:16: first defined here
c:/xilinx/sdk/2019.1/gnu/microblaze/nt/bin/../lib/gcc/microblaze-xilinx-elf/8.2.0/../../../../microblaze-xilinx-elf/bin/ld.exe: ./src/main.o:C:\Users\Keller\Desktop\Harald\201022_Projekt_400_leds\led_appl\led_appl.sdk\led_appl\Debug/../src/main.cc:19: multiple definition of `GpioOutput1'; ./src/LedMatrixDriver.o:C:\Users\Keller\Desktop\Harald\201022_Projekt_400_leds\led_appl\led_appl.sdk\led_appl\Debug/../src/LedMatrixDriver.cc:17: first defined here
collect2.exe: error: ld returned 1 exit status
make: *** [makefile:50: led_appl.elf] Error 1
13:28:59 **** Auto Build of configuration Debug for project led_appl ****
make all 
'Building file: ../src/main.cc'
'Invoking: MicroBlaze g++ compiler'
mb-g++ -Wall -O0 -g3 -c -fmessage-length=0 -MT"src/main.o" -I../../led_appl_bsp/microblaze_0/include -mlittle-endian -mcpu=v11.0 -mxl-soft-mul -Wl,--no-relax -ffunction-sections -fdata-sections -MMD -MP -MF"src/main.d" -MT"src/main.o" -o "src/main.o" "../src/main.cc"
../src/main.cc: In function 'int main()':
../src/main.cc:30:20: error: 'GpioOutput0' was not declared in this scope
  XGpio_Initialize(&GpioOutput0, XPAR_AXI_GPIO_0_DEVICE_ID);
                    ^~~~~~~~~~~
../src/main.cc:31:20: error: 'GpioOutput1' was not declared in this scope
  XGpio_Initialize(&GpioOutput1, XPAR_AXI_GPIO_1_DEVICE_ID);
                    ^~~~~~~~~~~
make: *** [src/subdir.mk:44: src/main.o] Error 1
13:30:41 **** Auto Build of configuration Debug for project led_appl ****
make all 
'Building file: ../src/main.cc'
'Invoking: MicroBlaze g++ compiler'
mb-g++ -Wall -O0 -g3 -c -fmessage-length=0 -MT"src/main.o" -I../../led_appl_bsp/microblaze_0/include -mlittle-endian -mcpu=v11.0 -mxl-soft-mul -Wl,--no-relax -ffunction-sections -fdata-sections -MMD -MP -MF"src/main.d" -MT"src/main.o" -o "src/main.o" "../src/main.cc"
../src/main.cc: In function 'int main()':
../src/main.cc:33:26: error: 'GpioOutput1' was not declared in this scope
     XGpio_DiscreteWrite(&GpioOutput1, ADDRESS,    i);
                          ^~~~~~~~~~~
../src/main.cc:34:26: error: 'GpioOutput0' was not declared in this scope
     XGpio_DiscreteWrite(&GpioOutput0, LED_DATA,   0x000000);
                          ^~~~~~~~~~~
../src/main.cc:37:23: error: 'GpioOutput0' was not declared in this scope
  XGpio_DiscreteWrite(&GpioOutput0, DATA_VALID, 0x0);
                       ^~~~~~~~~~~
../src/main.cc:46:27: error: 'GpioOutput1' was not declared in this scope
      XGpio_DiscreteWrite(&GpioOutput1, ADDRESS,    i);
                           ^~~~~~~~~~~
../src/main.cc:58:27: error: 'GpioOutput1' was not declared in this scope
      XGpio_DiscreteWrite(&GpioOutput1, ADDRESS,    i);
                           ^~~~~~~~~~~
make: *** [src/subdir.mk:44: src/main.o] Error 1
13:31:08 **** Auto Build of configuration Debug for project led_appl ****
make all 
'Building file: ../src/main.cc'
'Invoking: MicroBlaze g++ compiler'
mb-g++ -Wall -O0 -g3 -c -fmessage-length=0 -MT"src/main.o" -I../../led_appl_bsp/microblaze_0/include -mlittle-endian -mcpu=v11.0 -mxl-soft-mul -Wl,--no-relax -ffunction-sections -fdata-sections -MMD -MP -MF"src/main.d" -MT"src/main.o" -o "src/main.o" "../src/main.cc"
'Finished building: ../src/main.cc'
' '
'Building target: led_appl.elf'
'Invoking: MicroBlaze g++ linker'
mb-g++ -Wl,-T -Wl,../src/lscript.ld -L../../led_appl_bsp/microblaze_0/lib -mlittle-endian -mcpu=v11.0 -mxl-soft-mul -Wl,--no-relax -Wl,--gc-sections -o "led_appl.elf"  ./src/DisplayDriver.o ./src/DynamicLed.o ./src/GUI.o ./src/LedMatrixDriver.o ./src/MainFsm.o ./src/StaticLed.o ./src/Tetris.o ./src/main.o   -Wl,--start-group,-lxil,-lgcc,-lc,-lstdc++,--end-group
'Finished building target: led_appl.elf'
' '
'Invoking: MicroBlaze Print Size'
mb-size led_appl.elf  |tee "led_appl.elf.size"
   text	   data	    bss	    dec	    hex	filename
  22832	    372	   4524	  27728	   6c50	led_appl.elf
'Finished building: led_appl.elf.size'
' '
13:34:17 **** Auto Build of configuration Debug for project led_appl ****
make all 
'Building file: ../src/main.cc'
'Invoking: MicroBlaze g++ compiler'
mb-g++ -Wall -O0 -g3 -c -fmessage-length=0 -MT"src/main.o" -I../../led_appl_bsp/microblaze_0/include -mlittle-endian -mcpu=v11.0 -mxl-soft-mul -Wl,--no-relax -ffunction-sections -fdata-sections -MMD -MP -MF"src/main.d" -MT"src/main.o" -o "src/main.o" "../src/main.cc"
../src/main.cc: In function 'int main()':
../src/main.cc:34:3: error: 'LedMatrixDriver_Main' was not declared in this scope
   LedMatrixDriver_Main();
   ^~~~~~~~~~~~~~~~~~~~
../src/main.cc:34:3: note: suggested alternative: 'LedMatrixDriver_Init'
   LedMatrixDriver_Main();
   ^~~~~~~~~~~~~~~~~~~~
   LedMatrixDriver_Init
make: *** [src/subdir.mk:44: src/main.o] Error 1
13:34:39 **** Incremental Build of configuration Debug for project led_appl ****
make all 
'Building file: ../src/main.cc'
'Invoking: MicroBlaze g++ compiler'
mb-g++ -Wall -O0 -g3 -c -fmessage-length=0 -MT"src/main.o" -I../../led_appl_bsp/microblaze_0/include -mlittle-endian -mcpu=v11.0 -mxl-soft-mul -Wl,--no-relax -ffunction-sections -fdata-sections -MMD -MP -MF"src/main.d" -MT"src/main.o" -o "src/main.o" "../src/main.cc"
../src/main.cc: In function 'int main()':
../src/main.cc:34:3: error: 'LedMatrixDriver_Main' was not declared in this scope
   LedMatrixDriver_Main();
   ^~~~~~~~~~~~~~~~~~~~
../src/main.cc:34:3: note: suggested alternative: 'LedMatrixDriver_Init'
   LedMatrixDriver_Main();
   ^~~~~~~~~~~~~~~~~~~~
   LedMatrixDriver_Init
make: *** [src/subdir.mk:44: src/main.o] Error 1
13:34:43 **** Auto Build of configuration Debug for project led_appl ****
make all 
'Building file: ../src/main.cc'
'Invoking: MicroBlaze g++ compiler'
mb-g++ -Wall -O0 -g3 -c -fmessage-length=0 -MT"src/main.o" -I../../led_appl_bsp/microblaze_0/include -mlittle-endian -mcpu=v11.0 -mxl-soft-mul -Wl,--no-relax -ffunction-sections -fdata-sections -MMD -MP -MF"src/main.d" -MT"src/main.o" -o "src/main.o" "../src/main.cc"
../src/main.cc: In function 'int main()':
../src/main.cc:34:3: error: 'LedMatrixDriver_Main' was not declared in this scope
   LedMatrixDriver_Main();
   ^~~~~~~~~~~~~~~~~~~~
../src/main.cc:34:3: note: suggested alternative: 'LedMatrixDriver_Init'
   LedMatrixDriver_Main();
   ^~~~~~~~~~~~~~~~~~~~
   LedMatrixDriver_Init
make: *** [src/subdir.mk:44: src/main.o] Error 1
13:35:22 **** Auto Build of configuration Debug for project led_appl ****
make all 
'Building file: ../src/LedMatrixDriver.cc'
'Invoking: MicroBlaze g++ compiler'
mb-g++ -Wall -O0 -g3 -c -fmessage-length=0 -MT"src/LedMatrixDriver.o" -I../../led_appl_bsp/microblaze_0/include -mlittle-endian -mcpu=v11.0 -mxl-soft-mul -Wl,--no-relax -ffunction-sections -fdata-sections -MMD -MP -MF"src/LedMatrixDriver.d" -MT"src/LedMatrixDriver.o" -o "src/LedMatrixDriver.o" "../src/LedMatrixDriver.cc"
'Finished building: ../src/LedMatrixDriver.cc'
' '
'Building file: ../src/main.cc'
'Invoking: MicroBlaze g++ compiler'
mb-g++ -Wall -O0 -g3 -c -fmessage-length=0 -MT"src/main.o" -I../../led_appl_bsp/microblaze_0/include -mlittle-endian -mcpu=v11.0 -mxl-soft-mul -Wl,--no-relax -ffunction-sections -fdata-sections -MMD -MP -MF"src/main.d" -MT"src/main.o" -o "src/main.o" "../src/main.cc"
'Finished building: ../src/main.cc'
' '
'Building target: led_appl.elf'
'Invoking: MicroBlaze g++ linker'
mb-g++ -Wl,-T -Wl,../src/lscript.ld -L../../led_appl_bsp/microblaze_0/lib -mlittle-endian -mcpu=v11.0 -mxl-soft-mul -Wl,--no-relax -Wl,--gc-sections -o "led_appl.elf"  ./src/DisplayDriver.o ./src/DynamicLed.o ./src/GUI.o ./src/LedMatrixDriver.o ./src/MainFsm.o ./src/StaticLed.o ./src/Tetris.o ./src/main.o   -Wl,--start-group,-lxil,-lgcc,-lc,-lstdc++,--end-group
'Finished building target: led_appl.elf'
' '
'Invoking: MicroBlaze Print Size'
mb-size led_appl.elf  |tee "led_appl.elf.size"
   text	   data	    bss	    dec	    hex	filename
  24656	    404	   7756	  32816	   8030	led_appl.elf
'Finished building: led_appl.elf.size'
' '
13:35:42 **** Incremental Build of configuration Debug for project led_appl ****
make all 
make: Nothing to be done for 'all'.
13:39:03 **** Incremental Build of configuration Debug for project led_appl ****
make all 
make: Nothing to be done for 'all'.
13:40:12 **** Auto Build of configuration Debug for project led_appl ****
make all 
'Building file: ../src/main.cc'
'Invoking: MicroBlaze g++ compiler'
mb-g++ -Wall -O0 -g3 -c -fmessage-length=0 -MT"src/main.o" -I../../led_appl_bsp/microblaze_0/include -mlittle-endian -mcpu=v11.0 -mxl-soft-mul -Wl,--no-relax -ffunction-sections -fdata-sections -MMD -MP -MF"src/main.d" -MT"src/main.o" -o "src/main.o" "../src/main.cc"
'Finished building: ../src/main.cc'
' '
'Building target: led_appl.elf'
'Invoking: MicroBlaze g++ linker'
mb-g++ -Wl,-T -Wl,../src/lscript.ld -L../../led_appl_bsp/microblaze_0/lib -mlittle-endian -mcpu=v11.0 -mxl-soft-mul -Wl,--no-relax -Wl,--gc-sections -o "led_appl.elf"  ./src/DisplayDriver.o ./src/DynamicLed.o ./src/GUI.o ./src/LedMatrixDriver.o ./src/MainFsm.o ./src/StaticLed.o ./src/Tetris.o ./src/main.o   -Wl,--start-group,-lxil,-lgcc,-lc,-lstdc++,--end-group
'Finished building target: led_appl.elf'
' '
'Invoking: MicroBlaze Print Size'
mb-size led_appl.elf  |tee "led_appl.elf.size"
   text	   data	    bss	    dec	    hex	filename
   4508	    356	   7576	  12440	   3098	led_appl.elf
'Finished building: led_appl.elf.size'
' '
13:40:19 **** Incremental Build of configuration Debug for project led_appl ****
make all 
make: Nothing to be done for 'all'.
13:41:23 **** Auto Build of configuration Debug for project led_appl ****
make all 
'Building file: ../src/main.cc'
'Invoking: MicroBlaze g++ compiler'
mb-g++ -Wall -O0 -g3 -c -fmessage-length=0 -MT"src/main.o" -I../../led_appl_bsp/microblaze_0/include -mlittle-endian -mcpu=v11.0 -mxl-soft-mul -Wl,--no-relax -ffunction-sections -fdata-sections -MMD -MP -MF"src/main.d" -MT"src/main.o" -o "src/main.o" "../src/main.cc"
'Finished building: ../src/main.cc'
' '
'Building target: led_appl.elf'
'Invoking: MicroBlaze g++ linker'
mb-g++ -Wl,-T -Wl,../src/lscript.ld -L../../led_appl_bsp/microblaze_0/lib -mlittle-endian -mcpu=v11.0 -mxl-soft-mul -Wl,--no-relax -Wl,--gc-sections -o "led_appl.elf"  ./src/DisplayDriver.o ./src/DynamicLed.o ./src/GUI.o ./src/LedMatrixDriver.o ./src/MainFsm.o ./src/StaticLed.o ./src/Tetris.o ./src/main.o   -Wl,--start-group,-lxil,-lgcc,-lc,-lstdc++,--end-group
'Finished building target: led_appl.elf'
' '
'Invoking: MicroBlaze Print Size'
mb-size led_appl.elf  |tee "led_appl.elf.size"
   text	   data	    bss	    dec	    hex	filename
   4508	    356	   7576	  12440	   3098	led_appl.elf
'Finished building: led_appl.elf.size'
' '
13:41:32 **** Incremental Build of configuration Debug for project led_appl ****
make all 
make: Nothing to be done for 'all'.
13:45:29 **** Incremental Build of configuration Debug for project led_appl ****
make all 
'Building file: ../src/LedMatrixDriver.cc'
'Invoking: MicroBlaze g++ compiler'
mb-g++ -Wall -O0 -g3 -c -fmessage-length=0 -MT"src/LedMatrixDriver.o" -I../../led_appl_bsp/microblaze_0/include -mlittle-endian -mcpu=v11.0 -mxl-soft-mul -Wl,--no-relax -ffunction-sections -fdata-sections -MMD -MP -MF"src/LedMatrixDriver.d" -MT"src/LedMatrixDriver.o" -o "src/LedMatrixDriver.o" "../src/LedMatrixDriver.cc"
'Finished building: ../src/LedMatrixDriver.cc'
' '
'Building target: led_appl.elf'
'Invoking: MicroBlaze g++ linker'
mb-g++ -Wl,-T -Wl,../src/lscript.ld -L../../led_appl_bsp/microblaze_0/lib -mlittle-endian -mcpu=v11.0 -mxl-soft-mul -Wl,--no-relax -Wl,--gc-sections -o "led_appl.elf"  ./src/DisplayDriver.o ./src/DynamicLed.o ./src/GUI.o ./src/LedMatrixDriver.o ./src/MainFsm.o ./src/StaticLed.o ./src/Tetris.o ./src/main.o   -Wl,--start-group,-lxil,-lgcc,-lc,-lstdc++,--end-group
'Finished building target: led_appl.elf'
' '
'Invoking: MicroBlaze Print Size'
mb-size led_appl.elf  |tee "led_appl.elf.size"
   text	   data	    bss	    dec	    hex	filename
   4684	    356	   7576	  12616	   3148	led_appl.elf
'Finished building: led_appl.elf.size'
' '
13:45:39 **** Incremental Build of configuration Debug for project led_appl ****
make all 
make: Nothing to be done for 'all'.
13:51:56 **** Auto Build of configuration Debug for project led_appl ****
make all 
'Building file: ../src/LedMatrixDriver.cc'
'Invoking: MicroBlaze g++ compiler'
mb-g++ -Wall -O0 -g3 -c -fmessage-length=0 -MT"src/LedMatrixDriver.o" -I../../led_appl_bsp/microblaze_0/include -mlittle-endian -mcpu=v11.0 -mxl-soft-mul -Wl,--no-relax -ffunction-sections -fdata-sections -MMD -MP -MF"src/LedMatrixDriver.d" -MT"src/LedMatrixDriver.o" -o "src/LedMatrixDriver.o" "../src/LedMatrixDriver.cc"
'Finished building: ../src/LedMatrixDriver.cc'
' '
'Building file: ../src/main.cc'
'Invoking: MicroBlaze g++ compiler'
mb-g++ -Wall -O0 -g3 -c -fmessage-length=0 -MT"src/main.o" -I../../led_appl_bsp/microblaze_0/include -mlittle-endian -mcpu=v11.0 -mxl-soft-mul -Wl,--no-relax -ffunction-sections -fdata-sections -MMD -MP -MF"src/main.d" -MT"src/main.o" -o "src/main.o" "../src/main.cc"
../src/main.cc: In function 'int main()':
../src/main.cc:34:3: error: 'LedMatrixDriver_Main' was not declared in this scope
   LedMatrixDriver_Main();
   ^~~~~~~~~~~~~~~~~~~~
../src/main.cc:34:3: note: suggested alternative: 'LedMatrixDriver_Init'
   LedMatrixDriver_Main();
   ^~~~~~~~~~~~~~~~~~~~
   LedMatrixDriver_Init
make: *** [src/subdir.mk:44: src/main.o] Error 1
13:51:58 **** Auto Build of configuration Debug for project led_appl ****
make all 
'Building file: ../src/LedMatrixDriver.cc'
'Invoking: MicroBlaze g++ compiler'
mb-g++ -Wall -O0 -g3 -c -fmessage-length=0 -MT"src/LedMatrixDriver.o" -I../../led_appl_bsp/microblaze_0/include -mlittle-endian -mcpu=v11.0 -mxl-soft-mul -Wl,--no-relax -ffunction-sections -fdata-sections -MMD -MP -MF"src/LedMatrixDriver.d" -MT"src/LedMatrixDriver.o" -o "src/LedMatrixDriver.o" "../src/LedMatrixDriver.cc"
'Finished building: ../src/LedMatrixDriver.cc'
' '
'Building file: ../src/main.cc'
'Invoking: MicroBlaze g++ compiler'
mb-g++ -Wall -O0 -g3 -c -fmessage-length=0 -MT"src/main.o" -I../../led_appl_bsp/microblaze_0/include -mlittle-endian -mcpu=v11.0 -mxl-soft-mul -Wl,--no-relax -ffunction-sections -fdata-sections -MMD -MP -MF"src/main.d" -MT"src/main.o" -o "src/main.o" "../src/main.cc"
../src/main.cc: In function 'int main()':
../src/main.cc:34:3: error: 'LedMatrixDriver_Main' was not declared in this scope
   LedMatrixDriver_Main();
   ^~~~~~~~~~~~~~~~~~~~
../src/main.cc:34:3: note: suggested alternative: 'LedMatrixDriver_Init'
   LedMatrixDriver_Main();
   ^~~~~~~~~~~~~~~~~~~~
   LedMatrixDriver_Init
make: *** [src/subdir.mk:44: src/main.o] Error 1
13:52:36 **** Auto Build of configuration Debug for project led_appl ****
make all 
'Building file: ../src/main.cc'
'Invoking: MicroBlaze g++ compiler'
mb-g++ -Wall -O0 -g3 -c -fmessage-length=0 -MT"src/main.o" -I../../led_appl_bsp/microblaze_0/include -mlittle-endian -mcpu=v11.0 -mxl-soft-mul -Wl,--no-relax -ffunction-sections -fdata-sections -MMD -MP -MF"src/main.d" -MT"src/main.o" -o "src/main.o" "../src/main.cc"
'Finished building: ../src/main.cc'
' '
'Building target: led_appl.elf'
'Invoking: MicroBlaze g++ linker'
mb-g++ -Wl,-T -Wl,../src/lscript.ld -L../../led_appl_bsp/microblaze_0/lib -mlittle-endian -mcpu=v11.0 -mxl-soft-mul -Wl,--no-relax -Wl,--gc-sections -o "led_appl.elf"  ./src/DisplayDriver.o ./src/DynamicLed.o ./src/GUI.o ./src/LedMatrixDriver.o ./src/MainFsm.o ./src/StaticLed.o ./src/Tetris.o ./src/main.o   -Wl,--start-group,-lxil,-lgcc,-lc,-lstdc++,--end-group
'Finished building target: led_appl.elf'
' '
'Invoking: MicroBlaze Print Size'
mb-size led_appl.elf  |tee "led_appl.elf.size"
   text	   data	    bss	    dec	    hex	filename
   4684	    356	   7576	  12616	   3148	led_appl.elf
'Finished building: led_appl.elf.size'
' '
13:58:06 **** Auto Build of configuration Debug for project led_appl ****
make all 
'Building file: ../src/LedMatrixDriver.cc'
'Invoking: MicroBlaze g++ compiler'
mb-g++ -Wall -O0 -g3 -c -fmessage-length=0 -MT"src/LedMatrixDriver.o" -I../../led_appl_bsp/microblaze_0/include -mlittle-endian -mcpu=v11.0 -mxl-soft-mul -Wl,--no-relax -ffunction-sections -fdata-sections -MMD -MP -MF"src/LedMatrixDriver.d" -MT"src/LedMatrixDriver.o" -o "src/LedMatrixDriver.o" "../src/LedMatrixDriver.cc"
'Finished building: ../src/LedMatrixDriver.cc'
' '
'Building file: ../src/main.cc'
'Invoking: MicroBlaze g++ compiler'
mb-g++ -Wall -O0 -g3 -c -fmessage-length=0 -MT"src/main.o" -I../../led_appl_bsp/microblaze_0/include -mlittle-endian -mcpu=v11.0 -mxl-soft-mul -Wl,--no-relax -ffunction-sections -fdata-sections -MMD -MP -MF"src/main.d" -MT"src/main.o" -o "src/main.o" "../src/main.cc"
'Finished building: ../src/main.cc'
' '
'Building target: led_appl.elf'
'Invoking: MicroBlaze g++ linker'
mb-g++ -Wl,-T -Wl,../src/lscript.ld -L../../led_appl_bsp/microblaze_0/lib -mlittle-endian -mcpu=v11.0 -mxl-soft-mul -Wl,--no-relax -Wl,--gc-sections -o "led_appl.elf"  ./src/DisplayDriver.o ./src/DynamicLed.o ./src/GUI.o ./src/LedMatrixDriver.o ./src/MainFsm.o ./src/StaticLed.o ./src/Tetris.o ./src/main.o   -Wl,--start-group,-lxil,-lgcc,-lc,-lstdc++,--end-group
'Finished building target: led_appl.elf'
' '
'Invoking: MicroBlaze Print Size'
mb-size led_appl.elf  |tee "led_appl.elf.size"
   text	   data	    bss	    dec	    hex	filename
   4684	    356	   7576	  12616	   3148	led_appl.elf
'Finished building: led_appl.elf.size'
' '
14:03:48 **** Auto Build of configuration Debug for project led_appl ****
make all 
'Building file: ../src/LedMatrixDriver.cc'
'Invoking: MicroBlaze g++ compiler'
mb-g++ -Wall -O0 -g3 -c -fmessage-length=0 -MT"src/LedMatrixDriver.o" -I../../led_appl_bsp/microblaze_0/include -mlittle-endian -mcpu=v11.0 -mxl-soft-mul -Wl,--no-relax -ffunction-sections -fdata-sections -MMD -MP -MF"src/LedMatrixDriver.d" -MT"src/LedMatrixDriver.o" -o "src/LedMatrixDriver.o" "../src/LedMatrixDriver.cc"
'Finished building: ../src/LedMatrixDriver.cc'
' '
'Building file: ../src/main.cc'
'Invoking: MicroBlaze g++ compiler'
mb-g++ -Wall -O0 -g3 -c -fmessage-length=0 -MT"src/main.o" -I../../led_appl_bsp/microblaze_0/include -mlittle-endian -mcpu=v11.0 -mxl-soft-mul -Wl,--no-relax -ffunction-sections -fdata-sections -MMD -MP -MF"src/main.d" -MT"src/main.o" -o "src/main.o" "../src/main.cc"
'Finished building: ../src/main.cc'
' '
'Building target: led_appl.elf'
'Invoking: MicroBlaze g++ linker'
mb-g++ -Wl,-T -Wl,../src/lscript.ld -L../../led_appl_bsp/microblaze_0/lib -mlittle-endian -mcpu=v11.0 -mxl-soft-mul -Wl,--no-relax -Wl,--gc-sections -o "led_appl.elf"  ./src/DisplayDriver.o ./src/DynamicLed.o ./src/GUI.o ./src/LedMatrixDriver.o ./src/MainFsm.o ./src/StaticLed.o ./src/Tetris.o ./src/main.o   -Wl,--start-group,-lxil,-lgcc,-lc,-lstdc++,--end-group
'Finished building target: led_appl.elf'
' '
'Invoking: MicroBlaze Print Size'
mb-size led_appl.elf  |tee "led_appl.elf.size"
   text	   data	    bss	    dec	    hex	filename
   4684	    356	   7576	  12616	   3148	led_appl.elf
'Finished building: led_appl.elf.size'
' '
14:03:52 **** Auto Build of configuration Debug for project led_appl ****
make all 
'Building file: ../src/LedMatrixDriver.cc'
'Invoking: MicroBlaze g++ compiler'
mb-g++ -Wall -O0 -g3 -c -fmessage-length=0 -MT"src/LedMatrixDriver.o" -I../../led_appl_bsp/microblaze_0/include -mlittle-endian -mcpu=v11.0 -mxl-soft-mul -Wl,--no-relax -ffunction-sections -fdata-sections -MMD -MP -MF"src/LedMatrixDriver.d" -MT"src/LedMatrixDriver.o" -o "src/LedMatrixDriver.o" "../src/LedMatrixDriver.cc"
'Finished building: ../src/LedMatrixDriver.cc'
' '
'Building target: led_appl.elf'
'Invoking: MicroBlaze g++ linker'
mb-g++ -Wl,-T -Wl,../src/lscript.ld -L../../led_appl_bsp/microblaze_0/lib -mlittle-endian -mcpu=v11.0 -mxl-soft-mul -Wl,--no-relax -Wl,--gc-sections -o "led_appl.elf"  ./src/DisplayDriver.o ./src/DynamicLed.o ./src/GUI.o ./src/LedMatrixDriver.o ./src/MainFsm.o ./src/StaticLed.o ./src/Tetris.o ./src/main.o   -Wl,--start-group,-lxil,-lgcc,-lc,-lstdc++,--end-group
'Finished building target: led_appl.elf'
' '
'Invoking: MicroBlaze Print Size'
mb-size led_appl.elf  |tee "led_appl.elf.size"
   text	   data	    bss	    dec	    hex	filename
   4684	    356	   7576	  12616	   3148	led_appl.elf
'Finished building: led_appl.elf.size'
' '
14:05:32 **** Auto Build of configuration Debug for project led_appl ****
make all 
'Building file: ../src/LedMatrixDriver.cc'
'Invoking: MicroBlaze g++ compiler'
mb-g++ -Wall -O0 -g3 -c -fmessage-length=0 -MT"src/LedMatrixDriver.o" -I../../led_appl_bsp/microblaze_0/include -mlittle-endian -mcpu=v11.0 -mxl-soft-mul -Wl,--no-relax -ffunction-sections -fdata-sections -MMD -MP -MF"src/LedMatrixDriver.d" -MT"src/LedMatrixDriver.o" -o "src/LedMatrixDriver.o" "../src/LedMatrixDriver.cc"
'Finished building: ../src/LedMatrixDriver.cc'
' '
'Building file: ../src/main.cc'
'Invoking: MicroBlaze g++ compiler'
mb-g++ -Wall -O0 -g3 -c -fmessage-length=0 -MT"src/main.o" -I../../led_appl_bsp/microblaze_0/include -mlittle-endian -mcpu=v11.0 -mxl-soft-mul -Wl,--no-relax -ffunction-sections -fdata-sections -MMD -MP -MF"src/main.d" -MT"src/main.o" -o "src/main.o" "../src/main.cc"
'Finished building: ../src/main.cc'
' '
'Building target: led_appl.elf'
'Invoking: MicroBlaze g++ linker'
mb-g++ -Wl,-T -Wl,../src/lscript.ld -L../../led_appl_bsp/microblaze_0/lib -mlittle-endian -mcpu=v11.0 -mxl-soft-mul -Wl,--no-relax -Wl,--gc-sections -o "led_appl.elf"  ./src/DisplayDriver.o ./src/DynamicLed.o ./src/GUI.o ./src/LedMatrixDriver.o ./src/MainFsm.o ./src/StaticLed.o ./src/Tetris.o ./src/main.o   -Wl,--start-group,-lxil,-lgcc,-lc,-lstdc++,--end-group
'Finished building target: led_appl.elf'
' '
'Invoking: MicroBlaze Print Size'
mb-size led_appl.elf  |tee "led_appl.elf.size"
   text	   data	    bss	    dec	    hex	filename
   4684	    356	   7576	  12616	   3148	led_appl.elf
'Finished building: led_appl.elf.size'
' '
14:06:23 **** Auto Build of configuration Debug for project led_appl ****
make all 
'Building file: ../src/LedMatrixDriver.cc'
'Invoking: MicroBlaze g++ compiler'
mb-g++ -Wall -O0 -g3 -c -fmessage-length=0 -MT"src/LedMatrixDriver.o" -I../../led_appl_bsp/microblaze_0/include -mlittle-endian -mcpu=v11.0 -mxl-soft-mul -Wl,--no-relax -ffunction-sections -fdata-sections -MMD -MP -MF"src/LedMatrixDriver.d" -MT"src/LedMatrixDriver.o" -o "src/LedMatrixDriver.o" "../src/LedMatrixDriver.cc"
'Finished building: ../src/LedMatrixDriver.cc'
' '
'Building target: led_appl.elf'
'Invoking: MicroBlaze g++ linker'
mb-g++ -Wl,-T -Wl,../src/lscript.ld -L../../led_appl_bsp/microblaze_0/lib -mlittle-endian -mcpu=v11.0 -mxl-soft-mul -Wl,--no-relax -Wl,--gc-sections -o "led_appl.elf"  ./src/DisplayDriver.o ./src/DynamicLed.o ./src/GUI.o ./src/LedMatrixDriver.o ./src/MainFsm.o ./src/StaticLed.o ./src/Tetris.o ./src/main.o   -Wl,--start-group,-lxil,-lgcc,-lc,-lstdc++,--end-group
'Finished building target: led_appl.elf'
' '
'Invoking: MicroBlaze Print Size'
mb-size led_appl.elf  |tee "led_appl.elf.size"
   text	   data	    bss	    dec	    hex	filename
   4684	    356	   7576	  12616	   3148	led_appl.elf
'Finished building: led_appl.elf.size'
' '
14:11:57 **** Incremental Build of configuration Debug for project led_appl ****
make all 
'Building file: ../src/main.cc'
'Invoking: MicroBlaze g++ compiler'
mb-g++ -Wall -O0 -g3 -c -fmessage-length=0 -MT"src/main.o" -I../../led_appl_bsp/microblaze_0/include -mlittle-endian -mcpu=v11.0 -mxl-soft-mul -Wl,--no-relax -ffunction-sections -fdata-sections -MMD -MP -MF"src/main.d" -MT"src/main.o" -o "src/main.o" "../src/main.cc"
'Finished building: ../src/main.cc'
' '
'Building target: led_appl.elf'
'Invoking: MicroBlaze g++ linker'
mb-g++ -Wl,-T -Wl,../src/lscript.ld -L../../led_appl_bsp/microblaze_0/lib -mlittle-endian -mcpu=v11.0 -mxl-soft-mul -Wl,--no-relax -Wl,--gc-sections -o "led_appl.elf"  ./src/DisplayDriver.o ./src/DynamicLed.o ./src/GUI.o ./src/LedMatrixDriver.o ./src/MainFsm.o ./src/StaticLed.o ./src/Tetris.o ./src/main.o   -Wl,--start-group,-lxil,-lgcc,-lc,-lstdc++,--end-group
'Finished building target: led_appl.elf'
' '
'Invoking: MicroBlaze Print Size'
mb-size led_appl.elf  |tee "led_appl.elf.size"
   text	   data	    bss	    dec	    hex	filename
   4724	    356	   7576	  12656	   3170	led_appl.elf
'Finished building: led_appl.elf.size'
' '
14:12:56 **** Incremental Build of configuration Debug for project led_appl ****
make all 
'Building file: ../src/main.cc'
'Invoking: MicroBlaze g++ compiler'
mb-g++ -Wall -O0 -g3 -c -fmessage-length=0 -MT"src/main.o" -I../../led_appl_bsp/microblaze_0/include -mlittle-endian -mcpu=v11.0 -mxl-soft-mul -Wl,--no-relax -ffunction-sections -fdata-sections -MMD -MP -MF"src/main.d" -MT"src/main.o" -o "src/main.o" "../src/main.cc"
'Finished building: ../src/main.cc'
' '
'Building target: led_appl.elf'
'Invoking: MicroBlaze g++ linker'
mb-g++ -Wl,-T -Wl,../src/lscript.ld -L../../led_appl_bsp/microblaze_0/lib -mlittle-endian -mcpu=v11.0 -mxl-soft-mul -Wl,--no-relax -Wl,--gc-sections -o "led_appl.elf"  ./src/DisplayDriver.o ./src/DynamicLed.o ./src/GUI.o ./src/LedMatrixDriver.o ./src/MainFsm.o ./src/StaticLed.o ./src/Tetris.o ./src/main.o   -Wl,--start-group,-lxil,-lgcc,-lc,-lstdc++,--end-group
'Finished building target: led_appl.elf'
' '
'Invoking: MicroBlaze Print Size'
mb-size led_appl.elf  |tee "led_appl.elf.size"
   text	   data	    bss	    dec	    hex	filename
   4724	    356	   7576	  12656	   3170	led_appl.elf
'Finished building: led_appl.elf.size'
' '
14:14:16 **** Incremental Build of configuration Debug for project led_appl ****
make all 
'Building file: ../src/main.cc'
'Invoking: MicroBlaze g++ compiler'
mb-g++ -Wall -O0 -g3 -c -fmessage-length=0 -MT"src/main.o" -I../../led_appl_bsp/microblaze_0/include -mlittle-endian -mcpu=v11.0 -mxl-soft-mul -Wl,--no-relax -ffunction-sections -fdata-sections -MMD -MP -MF"src/main.d" -MT"src/main.o" -o "src/main.o" "../src/main.cc"
'Finished building: ../src/main.cc'
' '
'Building target: led_appl.elf'
'Invoking: MicroBlaze g++ linker'
mb-g++ -Wl,-T -Wl,../src/lscript.ld -L../../led_appl_bsp/microblaze_0/lib -mlittle-endian -mcpu=v11.0 -mxl-soft-mul -Wl,--no-relax -Wl,--gc-sections -o "led_appl.elf"  ./src/DisplayDriver.o ./src/DynamicLed.o ./src/GUI.o ./src/LedMatrixDriver.o ./src/MainFsm.o ./src/StaticLed.o ./src/Tetris.o ./src/main.o   -Wl,--start-group,-lxil,-lgcc,-lc,-lstdc++,--end-group
'Finished building target: led_appl.elf'
' '
'Invoking: MicroBlaze Print Size'
mb-size led_appl.elf  |tee "led_appl.elf.size"
   text	   data	    bss	    dec	    hex	filename
   4724	    356	   7576	  12656	   3170	led_appl.elf
'Finished building: led_appl.elf.size'
' '
14:14:44 **** Incremental Build of configuration Debug for project led_appl ****
make all 
'Building file: ../src/main.cc'
'Invoking: MicroBlaze g++ compiler'
mb-g++ -Wall -O0 -g3 -c -fmessage-length=0 -MT"src/main.o" -I../../led_appl_bsp/microblaze_0/include -mlittle-endian -mcpu=v11.0 -mxl-soft-mul -Wl,--no-relax -ffunction-sections -fdata-sections -MMD -MP -MF"src/main.d" -MT"src/main.o" -o "src/main.o" "../src/main.cc"
'Finished building: ../src/main.cc'
' '
'Building target: led_appl.elf'
'Invoking: MicroBlaze g++ linker'
mb-g++ -Wl,-T -Wl,../src/lscript.ld -L../../led_appl_bsp/microblaze_0/lib -mlittle-endian -mcpu=v11.0 -mxl-soft-mul -Wl,--no-relax -Wl,--gc-sections -o "led_appl.elf"  ./src/DisplayDriver.o ./src/DynamicLed.o ./src/GUI.o ./src/LedMatrixDriver.o ./src/MainFsm.o ./src/StaticLed.o ./src/Tetris.o ./src/main.o   -Wl,--start-group,-lxil,-lgcc,-lc,-lstdc++,--end-group
'Finished building target: led_appl.elf'
' '
'Invoking: MicroBlaze Print Size'
mb-size led_appl.elf  |tee "led_appl.elf.size"
   text	   data	    bss	    dec	    hex	filename
   4724	    356	   7576	  12656	   3170	led_appl.elf
'Finished building: led_appl.elf.size'
' '
14:15:08 **** Incremental Build of configuration Debug for project led_appl ****
make all 
'Building file: ../src/main.cc'
'Invoking: MicroBlaze g++ compiler'
mb-g++ -Wall -O0 -g3 -c -fmessage-length=0 -MT"src/main.o" -I../../led_appl_bsp/microblaze_0/include -mlittle-endian -mcpu=v11.0 -mxl-soft-mul -Wl,--no-relax -ffunction-sections -fdata-sections -MMD -MP -MF"src/main.d" -MT"src/main.o" -o "src/main.o" "../src/main.cc"
'Finished building: ../src/main.cc'
' '
'Building target: led_appl.elf'
'Invoking: MicroBlaze g++ linker'
mb-g++ -Wl,-T -Wl,../src/lscript.ld -L../../led_appl_bsp/microblaze_0/lib -mlittle-endian -mcpu=v11.0 -mxl-soft-mul -Wl,--no-relax -Wl,--gc-sections -o "led_appl.elf"  ./src/DisplayDriver.o ./src/DynamicLed.o ./src/GUI.o ./src/LedMatrixDriver.o ./src/MainFsm.o ./src/StaticLed.o ./src/Tetris.o ./src/main.o   -Wl,--start-group,-lxil,-lgcc,-lc,-lstdc++,--end-group
'Finished building target: led_appl.elf'
' '
'Invoking: MicroBlaze Print Size'
mb-size led_appl.elf  |tee "led_appl.elf.size"
   text	   data	    bss	    dec	    hex	filename
   4724	    356	   7576	  12656	   3170	led_appl.elf
'Finished building: led_appl.elf.size'
' '
14:16:50 **** Incremental Build of configuration Debug for project led_appl ****
make all 
'Building file: ../src/main.cc'
'Invoking: MicroBlaze g++ compiler'
mb-g++ -Wall -O0 -g3 -c -fmessage-length=0 -MT"src/main.o" -I../../led_appl_bsp/microblaze_0/include -mlittle-endian -mcpu=v11.0 -mxl-soft-mul -Wl,--no-relax -ffunction-sections -fdata-sections -MMD -MP -MF"src/main.d" -MT"src/main.o" -o "src/main.o" "../src/main.cc"
'Finished building: ../src/main.cc'
' '
'Building target: led_appl.elf'
'Invoking: MicroBlaze g++ linker'
mb-g++ -Wl,-T -Wl,../src/lscript.ld -L../../led_appl_bsp/microblaze_0/lib -mlittle-endian -mcpu=v11.0 -mxl-soft-mul -Wl,--no-relax -Wl,--gc-sections -o "led_appl.elf"  ./src/DisplayDriver.o ./src/DynamicLed.o ./src/GUI.o ./src/LedMatrixDriver.o ./src/MainFsm.o ./src/StaticLed.o ./src/Tetris.o ./src/main.o   -Wl,--start-group,-lxil,-lgcc,-lc,-lstdc++,--end-group
'Finished building target: led_appl.elf'
' '
'Invoking: MicroBlaze Print Size'
mb-size led_appl.elf  |tee "led_appl.elf.size"
   text	   data	    bss	    dec	    hex	filename
   4764	    356	   7576	  12696	   3198	led_appl.elf
'Finished building: led_appl.elf.size'
' '
14:17:04 **** Incremental Build of configuration Debug for project led_appl ****
make all 
'Building file: ../src/main.cc'
'Invoking: MicroBlaze g++ compiler'
mb-g++ -Wall -O0 -g3 -c -fmessage-length=0 -MT"src/main.o" -I../../led_appl_bsp/microblaze_0/include -mlittle-endian -mcpu=v11.0 -mxl-soft-mul -Wl,--no-relax -ffunction-sections -fdata-sections -MMD -MP -MF"src/main.d" -MT"src/main.o" -o "src/main.o" "../src/main.cc"
'Finished building: ../src/main.cc'
' '
'Building target: led_appl.elf'
'Invoking: MicroBlaze g++ linker'
mb-g++ -Wl,-T -Wl,../src/lscript.ld -L../../led_appl_bsp/microblaze_0/lib -mlittle-endian -mcpu=v11.0 -mxl-soft-mul -Wl,--no-relax -Wl,--gc-sections -o "led_appl.elf"  ./src/DisplayDriver.o ./src/DynamicLed.o ./src/GUI.o ./src/LedMatrixDriver.o ./src/MainFsm.o ./src/StaticLed.o ./src/Tetris.o ./src/main.o   -Wl,--start-group,-lxil,-lgcc,-lc,-lstdc++,--end-group
'Finished building target: led_appl.elf'
' '
'Invoking: MicroBlaze Print Size'
mb-size led_appl.elf  |tee "led_appl.elf.size"
   text	   data	    bss	    dec	    hex	filename
   4764	    356	   7576	  12696	   3198	led_appl.elf
'Finished building: led_appl.elf.size'
' '
14:17:35 **** Incremental Build of configuration Debug for project led_appl ****
make all 
'Building file: ../src/main.cc'
'Invoking: MicroBlaze g++ compiler'
mb-g++ -Wall -O0 -g3 -c -fmessage-length=0 -MT"src/main.o" -I../../led_appl_bsp/microblaze_0/include -mlittle-endian -mcpu=v11.0 -mxl-soft-mul -Wl,--no-relax -ffunction-sections -fdata-sections -MMD -MP -MF"src/main.d" -MT"src/main.o" -o "src/main.o" "../src/main.cc"
'Finished building: ../src/main.cc'
' '
'Building target: led_appl.elf'
'Invoking: MicroBlaze g++ linker'
mb-g++ -Wl,-T -Wl,../src/lscript.ld -L../../led_appl_bsp/microblaze_0/lib -mlittle-endian -mcpu=v11.0 -mxl-soft-mul -Wl,--no-relax -Wl,--gc-sections -o "led_appl.elf"  ./src/DisplayDriver.o ./src/DynamicLed.o ./src/GUI.o ./src/LedMatrixDriver.o ./src/MainFsm.o ./src/StaticLed.o ./src/Tetris.o ./src/main.o   -Wl,--start-group,-lxil,-lgcc,-lc,-lstdc++,--end-group
'Finished building target: led_appl.elf'
' '
'Invoking: MicroBlaze Print Size'
mb-size led_appl.elf  |tee "led_appl.elf.size"
   text	   data	    bss	    dec	    hex	filename
   4764	    356	   7576	  12696	   3198	led_appl.elf
'Finished building: led_appl.elf.size'
' '
14:23:02 **** Incremental Build of configuration Debug for project led_appl ****
make all 
'Building file: ../src/LedMatrixDriver.cc'
'Invoking: MicroBlaze g++ compiler'
mb-g++ -Wall -O0 -g3 -c -fmessage-length=0 -MT"src/LedMatrixDriver.o" -I../../led_appl_bsp/microblaze_0/include -mlittle-endian -mcpu=v11.0 -mxl-soft-mul -Wl,--no-relax -ffunction-sections -fdata-sections -MMD -MP -MF"src/LedMatrixDriver.d" -MT"src/LedMatrixDriver.o" -o "src/LedMatrixDriver.o" "../src/LedMatrixDriver.cc"
../src/LedMatrixDriver.cc: In function 'void LedMatrixDriver_SetLed(u8, u8, u8, u8, u8)':
../src/LedMatrixDriver.cc:92:65: error: expected primary-expression before ')' token
  ledMatrix[PosX][PosY] = (((u32)R)<<16) | (((u32)G)<<8) | (((u32))B);
                                                                 ^
../src/LedMatrixDriver.cc:92:67: error: expected ')' before 'B'
  ledMatrix[PosX][PosY] = (((u32)R)<<16) | (((u32)G)<<8) | (((u32))B);
                                                           ~       ^
                                                                   )
make: *** [src/subdir.mk:44: src/LedMatrixDriver.o] Error 1
14:24:26 **** Incremental Build of configuration Debug for project led_appl ****
make all 
'Building file: ../src/LedMatrixDriver.cc'
'Invoking: MicroBlaze g++ compiler'
mb-g++ -Wall -O0 -g3 -c -fmessage-length=0 -MT"src/LedMatrixDriver.o" -I../../led_appl_bsp/microblaze_0/include -mlittle-endian -mcpu=v11.0 -mxl-soft-mul -Wl,--no-relax -ffunction-sections -fdata-sections -MMD -MP -MF"src/LedMatrixDriver.d" -MT"src/LedMatrixDriver.o" -o "src/LedMatrixDriver.o" "../src/LedMatrixDriver.cc"
'Finished building: ../src/LedMatrixDriver.cc'
' '
'Building target: led_appl.elf'
'Invoking: MicroBlaze g++ linker'
mb-g++ -Wl,-T -Wl,../src/lscript.ld -L../../led_appl_bsp/microblaze_0/lib -mlittle-endian -mcpu=v11.0 -mxl-soft-mul -Wl,--no-relax -Wl,--gc-sections -o "led_appl.elf"  ./src/DisplayDriver.o ./src/DynamicLed.o ./src/GUI.o ./src/LedMatrixDriver.o ./src/MainFsm.o ./src/StaticLed.o ./src/Tetris.o ./src/main.o   -Wl,--start-group,-lxil,-lgcc,-lc,-lstdc++,--end-group
'Finished building target: led_appl.elf'
' '
'Invoking: MicroBlaze Print Size'
mb-size led_appl.elf  |tee "led_appl.elf.size"
   text	   data	    bss	    dec	    hex	filename
   4924	    356	   7576	  12856	   3238	led_appl.elf
'Finished building: led_appl.elf.size'
' '
14:25:05 **** Incremental Build of configuration Debug for project led_appl ****
make all 
make: Nothing to be done for 'all'.
14:25:18 **** Incremental Build of configuration Debug for project led_appl ****
make all 
'Building file: ../src/main.cc'
'Invoking: MicroBlaze g++ compiler'
mb-g++ -Wall -O0 -g3 -c -fmessage-length=0 -MT"src/main.o" -I../../led_appl_bsp/microblaze_0/include -mlittle-endian -mcpu=v11.0 -mxl-soft-mul -Wl,--no-relax -ffunction-sections -fdata-sections -MMD -MP -MF"src/main.d" -MT"src/main.o" -o "src/main.o" "../src/main.cc"
'Finished building: ../src/main.cc'
' '
'Building target: led_appl.elf'
'Invoking: MicroBlaze g++ linker'
mb-g++ -Wl,-T -Wl,../src/lscript.ld -L../../led_appl_bsp/microblaze_0/lib -mlittle-endian -mcpu=v11.0 -mxl-soft-mul -Wl,--no-relax -Wl,--gc-sections -o "led_appl.elf"  ./src/DisplayDriver.o ./src/DynamicLed.o ./src/GUI.o ./src/LedMatrixDriver.o ./src/MainFsm.o ./src/StaticLed.o ./src/Tetris.o ./src/main.o   -Wl,--start-group,-lxil,-lgcc,-lc,-lstdc++,--end-group
'Finished building target: led_appl.elf'
' '
'Invoking: MicroBlaze Print Size'
mb-size led_appl.elf  |tee "led_appl.elf.size"
   text	   data	    bss	    dec	    hex	filename
   4924	    356	   7576	  12856	   3238	led_appl.elf
'Finished building: led_appl.elf.size'
' '
14:25:51 **** Incremental Build of configuration Debug for project led_appl ****
make all 
'Building file: ../src/main.cc'
'Invoking: MicroBlaze g++ compiler'
mb-g++ -Wall -O0 -g3 -c -fmessage-length=0 -MT"src/main.o" -I../../led_appl_bsp/microblaze_0/include -mlittle-endian -mcpu=v11.0 -mxl-soft-mul -Wl,--no-relax -ffunction-sections -fdata-sections -MMD -MP -MF"src/main.d" -MT"src/main.o" -o "src/main.o" "../src/main.cc"
'Finished building: ../src/main.cc'
' '
'Building target: led_appl.elf'
'Invoking: MicroBlaze g++ linker'
mb-g++ -Wl,-T -Wl,../src/lscript.ld -L../../led_appl_bsp/microblaze_0/lib -mlittle-endian -mcpu=v11.0 -mxl-soft-mul -Wl,--no-relax -Wl,--gc-sections -o "led_appl.elf"  ./src/DisplayDriver.o ./src/DynamicLed.o ./src/GUI.o ./src/LedMatrixDriver.o ./src/MainFsm.o ./src/StaticLed.o ./src/Tetris.o ./src/main.o   -Wl,--start-group,-lxil,-lgcc,-lc,-lstdc++,--end-group
'Finished building target: led_appl.elf'
' '
'Invoking: MicroBlaze Print Size'
mb-size led_appl.elf  |tee "led_appl.elf.size"
   text	   data	    bss	    dec	    hex	filename
   4924	    356	   7576	  12856	   3238	led_appl.elf
'Finished building: led_appl.elf.size'
' '
14:29:40 **** Incremental Build of configuration Debug for project led_appl ****
make all 
'Building file: ../src/LedMatrixDriver.cc'
'Invoking: MicroBlaze g++ compiler'
mb-g++ -Wall -O0 -g3 -c -fmessage-length=0 -MT"src/LedMatrixDriver.o" -I../../led_appl_bsp/microblaze_0/include -mlittle-endian -mcpu=v11.0 -mxl-soft-mul -Wl,--no-relax -ffunction-sections -fdata-sections -MMD -MP -MF"src/LedMatrixDriver.d" -MT"src/LedMatrixDriver.o" -o "src/LedMatrixDriver.o" "../src/LedMatrixDriver.cc"
'Finished building: ../src/LedMatrixDriver.cc'
' '
'Building file: ../src/main.cc'
'Invoking: MicroBlaze g++ compiler'
mb-g++ -Wall -O0 -g3 -c -fmessage-length=0 -MT"src/main.o" -I../../led_appl_bsp/microblaze_0/include -mlittle-endian -mcpu=v11.0 -mxl-soft-mul -Wl,--no-relax -ffunction-sections -fdata-sections -MMD -MP -MF"src/main.d" -MT"src/main.o" -o "src/main.o" "../src/main.cc"
'Finished building: ../src/main.cc'
' '
'Building target: led_appl.elf'
'Invoking: MicroBlaze g++ linker'
mb-g++ -Wl,-T -Wl,../src/lscript.ld -L../../led_appl_bsp/microblaze_0/lib -mlittle-endian -mcpu=v11.0 -mxl-soft-mul -Wl,--no-relax -Wl,--gc-sections -o "led_appl.elf"  ./src/DisplayDriver.o ./src/DynamicLed.o ./src/GUI.o ./src/LedMatrixDriver.o ./src/MainFsm.o ./src/StaticLed.o ./src/Tetris.o ./src/main.o   -Wl,--start-group,-lxil,-lgcc,-lc,-lstdc++,--end-group
'Finished building target: led_appl.elf'
' '
'Invoking: MicroBlaze Print Size'
mb-size led_appl.elf  |tee "led_appl.elf.size"
   text	   data	    bss	    dec	    hex	filename
   4924	    356	   7576	  12856	   3238	led_appl.elf
'Finished building: led_appl.elf.size'
' '
14:30:07 **** Incremental Build of configuration Debug for project led_appl ****
make all 
'Building file: ../src/main.cc'
'Invoking: MicroBlaze g++ compiler'
mb-g++ -Wall -O0 -g3 -c -fmessage-length=0 -MT"src/main.o" -I../../led_appl_bsp/microblaze_0/include -mlittle-endian -mcpu=v11.0 -mxl-soft-mul -Wl,--no-relax -ffunction-sections -fdata-sections -MMD -MP -MF"src/main.d" -MT"src/main.o" -o "src/main.o" "../src/main.cc"
'Finished building: ../src/main.cc'
' '
'Building target: led_appl.elf'
'Invoking: MicroBlaze g++ linker'
mb-g++ -Wl,-T -Wl,../src/lscript.ld -L../../led_appl_bsp/microblaze_0/lib -mlittle-endian -mcpu=v11.0 -mxl-soft-mul -Wl,--no-relax -Wl,--gc-sections -o "led_appl.elf"  ./src/DisplayDriver.o ./src/DynamicLed.o ./src/GUI.o ./src/LedMatrixDriver.o ./src/MainFsm.o ./src/StaticLed.o ./src/Tetris.o ./src/main.o   -Wl,--start-group,-lxil,-lgcc,-lc,-lstdc++,--end-group
'Finished building target: led_appl.elf'
' '
'Invoking: MicroBlaze Print Size'
mb-size led_appl.elf  |tee "led_appl.elf.size"
   text	   data	    bss	    dec	    hex	filename
   4924	    356	   7576	  12856	   3238	led_appl.elf
'Finished building: led_appl.elf.size'
' '
14:30:30 **** Incremental Build of configuration Debug for project led_appl ****
make all 
'Building file: ../src/main.cc'
'Invoking: MicroBlaze g++ compiler'
mb-g++ -Wall -O0 -g3 -c -fmessage-length=0 -MT"src/main.o" -I../../led_appl_bsp/microblaze_0/include -mlittle-endian -mcpu=v11.0 -mxl-soft-mul -Wl,--no-relax -ffunction-sections -fdata-sections -MMD -MP -MF"src/main.d" -MT"src/main.o" -o "src/main.o" "../src/main.cc"
'Finished building: ../src/main.cc'
' '
'Building target: led_appl.elf'
'Invoking: MicroBlaze g++ linker'
mb-g++ -Wl,-T -Wl,../src/lscript.ld -L../../led_appl_bsp/microblaze_0/lib -mlittle-endian -mcpu=v11.0 -mxl-soft-mul -Wl,--no-relax -Wl,--gc-sections -o "led_appl.elf"  ./src/DisplayDriver.o ./src/DynamicLed.o ./src/GUI.o ./src/LedMatrixDriver.o ./src/MainFsm.o ./src/StaticLed.o ./src/Tetris.o ./src/main.o   -Wl,--start-group,-lxil,-lgcc,-lc,-lstdc++,--end-group
'Finished building target: led_appl.elf'
' '
'Invoking: MicroBlaze Print Size'
mb-size led_appl.elf  |tee "led_appl.elf.size"
   text	   data	    bss	    dec	    hex	filename
   4924	    356	   7576	  12856	   3238	led_appl.elf
'Finished building: led_appl.elf.size'
' '
14:30:53 **** Incremental Build of configuration Debug for project led_appl ****
make all 
'Building file: ../src/main.cc'
'Invoking: MicroBlaze g++ compiler'
mb-g++ -Wall -O0 -g3 -c -fmessage-length=0 -MT"src/main.o" -I../../led_appl_bsp/microblaze_0/include -mlittle-endian -mcpu=v11.0 -mxl-soft-mul -Wl,--no-relax -ffunction-sections -fdata-sections -MMD -MP -MF"src/main.d" -MT"src/main.o" -o "src/main.o" "../src/main.cc"
'Finished building: ../src/main.cc'
' '
'Building target: led_appl.elf'
'Invoking: MicroBlaze g++ linker'
mb-g++ -Wl,-T -Wl,../src/lscript.ld -L../../led_appl_bsp/microblaze_0/lib -mlittle-endian -mcpu=v11.0 -mxl-soft-mul -Wl,--no-relax -Wl,--gc-sections -o "led_appl.elf"  ./src/DisplayDriver.o ./src/DynamicLed.o ./src/GUI.o ./src/LedMatrixDriver.o ./src/MainFsm.o ./src/StaticLed.o ./src/Tetris.o ./src/main.o   -Wl,--start-group,-lxil,-lgcc,-lc,-lstdc++,--end-group
'Finished building target: led_appl.elf'
' '
'Invoking: MicroBlaze Print Size'
mb-size led_appl.elf  |tee "led_appl.elf.size"
   text	   data	    bss	    dec	    hex	filename
   4924	    356	   7576	  12856	   3238	led_appl.elf
'Finished building: led_appl.elf.size'
' '
14:31:10 **** Incremental Build of configuration Debug for project led_appl ****
make all 
'Building file: ../src/main.cc'
'Invoking: MicroBlaze g++ compiler'
mb-g++ -Wall -O0 -g3 -c -fmessage-length=0 -MT"src/main.o" -I../../led_appl_bsp/microblaze_0/include -mlittle-endian -mcpu=v11.0 -mxl-soft-mul -Wl,--no-relax -ffunction-sections -fdata-sections -MMD -MP -MF"src/main.d" -MT"src/main.o" -o "src/main.o" "../src/main.cc"
'Finished building: ../src/main.cc'
' '
'Building target: led_appl.elf'
'Invoking: MicroBlaze g++ linker'
mb-g++ -Wl,-T -Wl,../src/lscript.ld -L../../led_appl_bsp/microblaze_0/lib -mlittle-endian -mcpu=v11.0 -mxl-soft-mul -Wl,--no-relax -Wl,--gc-sections -o "led_appl.elf"  ./src/DisplayDriver.o ./src/DynamicLed.o ./src/GUI.o ./src/LedMatrixDriver.o ./src/MainFsm.o ./src/StaticLed.o ./src/Tetris.o ./src/main.o   -Wl,--start-group,-lxil,-lgcc,-lc,-lstdc++,--end-group
'Finished building target: led_appl.elf'
' '
'Invoking: MicroBlaze Print Size'
mb-size led_appl.elf  |tee "led_appl.elf.size"
   text	   data	    bss	    dec	    hex	filename
   4924	    356	   7576	  12856	   3238	led_appl.elf
'Finished building: led_appl.elf.size'
' '

**** Build of configuration Debug for project led_appl ****

Nothing to build for project led_appl
19:33:04 **** Auto Build of configuration Debug for project led_appl ****
make all 
make: Nothing to be done for 'all'.
19:33:23 **** Auto Build of configuration Debug for project led_appl ****
make all 
'Building file: ../src/Tetris.cc'
'Invoking: MicroBlaze g++ compiler'
mb-g++ -Wall -O0 -g3 -c -fmessage-length=0 -MT"src/Tetris.o" -I../../led_appl_bsp/microblaze_0/include -mlittle-endian -mcpu=v11.0 -mxl-soft-mul -Wl,--no-relax -ffunction-sections -fdata-sections -MMD -MP -MF"src/Tetris.d" -MT"src/Tetris.o" -o "src/Tetris.o" "../src/Tetris.cc"
'Finished building: ../src/Tetris.cc'
' '
'Building target: led_appl.elf'
'Invoking: MicroBlaze g++ linker'
mb-g++ -Wl,-T -Wl,../src/lscript.ld -L../../led_appl_bsp/microblaze_0/lib -mlittle-endian -mcpu=v11.0 -mxl-soft-mul -Wl,--no-relax -Wl,--gc-sections -o "led_appl.elf"  ./src/DisplayDriver.o ./src/DynamicLed.o ./src/GUI.o ./src/LedMatrixDriver.o ./src/MainFsm.o ./src/StaticLed.o ./src/Tetris.o ./src/main.o   -Wl,--start-group,-lxil,-lgcc,-lc,-lstdc++,--end-group
'Finished building target: led_appl.elf'
' '
'Invoking: MicroBlaze Print Size'
mb-size led_appl.elf  |tee "led_appl.elf.size"
   text	   data	    bss	    dec	    hex	filename
   4924	    356	   7576	  12856	   3238	led_appl.elf
'Finished building: led_appl.elf.size'
' '
19:34:37 **** Auto Build of configuration Debug for project led_appl ****
make all 
'Building file: ../src/DisplayDriver.cc'
'Invoking: MicroBlaze g++ compiler'
mb-g++ -Wall -O0 -g3 -c -fmessage-length=0 -MT"src/DisplayDriver.o" -I../../led_appl_bsp/microblaze_0/include -mlittle-endian -mcpu=v11.0 -mxl-soft-mul -Wl,--no-relax -ffunction-sections -fdata-sections -MMD -MP -MF"src/DisplayDriver.d" -MT"src/DisplayDriver.o" -o "src/DisplayDriver.o" "../src/DisplayDriver.cc"
'Finished building: ../src/DisplayDriver.cc'
' '
'Building target: led_appl.elf'
'Invoking: MicroBlaze g++ linker'
mb-g++ -Wl,-T -Wl,../src/lscript.ld -L../../led_appl_bsp/microblaze_0/lib -mlittle-endian -mcpu=v11.0 -mxl-soft-mul -Wl,--no-relax -Wl,--gc-sections -o "led_appl.elf"  ./src/DisplayDriver.o ./src/DynamicLed.o ./src/GUI.o ./src/LedMatrixDriver.o ./src/MainFsm.o ./src/StaticLed.o ./src/Tetris.o ./src/main.o   -Wl,--start-group,-lxil,-lgcc,-lc,-lstdc++,--end-group
'Finished building target: led_appl.elf'
' '
'Invoking: MicroBlaze Print Size'
mb-size led_appl.elf  |tee "led_appl.elf.size"
   text	   data	    bss	    dec	    hex	filename
   4924	    356	   7576	  12856	   3238	led_appl.elf
'Finished building: led_appl.elf.size'
' '
